[0.004s][info][gc] Using Serial
[0.081s][info][gc] GC(0) Pause Young (Allocation Failure) 22M->19M(106M) 16.857ms
[0.221s][info][gc] GC(1) Pause Young (Allocation Failure) 41M->12M(106M) 9.421ms
[0.247s][info][gc] GC(2) Pause Young (Allocation Failure) 33M->3M(106M) 1.513ms
[0.387s][info][gc] GC(3) Pause Young (Allocation Failure) 25M->15M(106M) 9.419ms
[0.519s][info][gc] GC(4) Pause Young (Allocation Failure) 36M->19M(106M) 14.444ms
[0.652s][info][gc] GC(5) Pause Young (Allocation Failure) 40M->14M(106M) 10.162ms
[0.780s][info][gc] GC(6) Pause Young (Allocation Failure) 36M->10M(106M) 7.458ms
[0.905s][info][gc] GC(7) Pause Young (Allocation Failure) 31M->5M(106M) 4.037ms
[0.925s][info][gc] GC(8) Pause Young (Allocation Failure) 26M->8M(106M) 5.416ms
[1.053s][info][gc] GC(9) Pause Young (Allocation Failure) 29M->19M(106M) 14.981ms
[1.186s][info][gc] GC(10) Pause Young (Allocation Failure) 40M->17M(106M) 12.495ms
[1.317s][info][gc] GC(11) Pause Young (Allocation Failure) 39M->13M(106M) 10.785ms
[1.445s][info][gc] GC(12) Pause Young (Allocation Failure) 34M->8M(106M) 5.904ms
[1.567s][info][gc] GC(13) Pause Young (Allocation Failure) 29M->3M(106M) 2.354ms
[1.589s][info][gc] GC(14) Pause Young (Allocation Failure) 25M->12M(106M) 8.493ms
[1.726s][info][gc] GC(15) Pause Young (Allocation Failure) 34M->20M(106M) 16.985ms
[1.860s][info][gc] GC(16) Pause Young (Allocation Failure) 41M->15M(106M) 12.341ms
[1.992s][info][gc] GC(17) Pause Young (Allocation Failure) 37M->11M(106M) 9.159ms
[2.120s][info][gc] GC(18) Pause Young (Allocation Failure) 32M->6M(106M) 5.877ms
[2.141s][info][gc] GC(19) Pause Young (Allocation Failure) 28M->5M(106M) 3.453ms
[2.272s][info][gc] GC(20) Pause Young (Allocation Failure) 27M->16M(106M) 12.991ms
[2.407s][info][gc] GC(21) Pause Young (Allocation Failure) 38M->18M(106M) 14.556ms
[2.539s][info][gc] GC(22) Pause Young (Allocation Failure) 40M->14M(106M) 10.563ms
[2.669s][info][gc] GC(23) Pause Young (Allocation Failure) 35M->9M(106M) 7.715ms
[2.794s][info][gc] GC(24) Pause Young (Allocation Failure) 30M->4M(106M) 3.969ms
[2.817s][info][gc] GC(25) Pause Young (Allocation Failure) 26M->10M(106M) 7.024ms
[2.955s][info][gc] GC(26) Pause Young (Allocation Failure) 31M->21M(106M) 17.985ms
[3.091s][info][gc] GC(27) Pause Young (Allocation Failure) 42M->17M(106M) 13.104ms
[3.223s][info][gc] GC(28) Pause Young (Allocation Failure) 38M->12M(106M) 9.386ms
[3.347s][info][gc] GC(29) Pause Young (Allocation Failure) 33M->7M(106M) 5.436ms
[3.469s][info][gc] GC(30) Pause Young (Allocation Failure) 29M->3M(106M) 2.161ms
[3.495s][info][gc] GC(31) Pause Young (Allocation Failure) 24M->14M(106M) 11.243ms
[3.627s][info][gc] GC(32) Pause Young (Allocation Failure) 35M->19M(106M) 15.846ms
[3.760s][info][gc] GC(33) Pause Young (Allocation Failure) 41M->15M(106M) 11.315ms
[3.888s][info][gc] GC(34) Pause Young (Allocation Failure) 36M->10M(106M) 7.896ms
[4.015s][info][gc] GC(35) Pause Young (Allocation Failure) 32M->6M(106M) 4.513ms
[4.034s][info][gc] GC(36) Pause Young (Allocation Failure) 27M->7M(106M) 4.281ms
[4.166s][info][gc] GC(37) Pause Young (Allocation Failure) 28M->18M(106M) 13.542ms
[4.301s][info][gc] GC(38) Pause Young (Allocation Failure) 39M->18M(106M) 13.966ms
[4.433s][info][gc] GC(39) Pause Young (Allocation Failure) 39M->13M(106M) 9.981ms
[4.561s][info][gc] GC(40) Pause Young (Allocation Failure) 34M->8M(106M) 7.291ms
[4.686s][info][gc] GC(41) Pause Young (Allocation Failure) 30M->4M(106M) 3.666ms
[4.711s][info][gc] GC(42) Pause Young (Allocation Failure) 25M->11M(106M) 8.845ms
[4.850s][info][gc] GC(43) Pause Young (Allocation Failure) 32M->21M(106M) 18.476ms
[4.987s][info][gc] GC(44) Pause Young (Allocation Failure) 42M->16M(106M) 13.343ms
[5.120s][info][gc] GC(45) Pause Young (Allocation Failure) 37M->11M(106M) 9.288ms
[5.247s][info][gc] GC(46) Pause Young (Allocation Failure) 33M->7M(106M) 5.480ms
[5.266s][info][gc] GC(47) Pause Young (Allocation Failure) 28M->4M(106M) 2.292ms
[5.397s][info][gc] GC(48) Pause Young (Allocation Failure) 26M->15M(106M) 11.756ms
[5.533s][info][gc] GC(49) Pause Young (Allocation Failure) 37M->19M(106M) 14.542ms
[5.662s][info][gc] GC(50) Pause Young (Allocation Failure) 40M->14M(106M) 11.223ms
[5.788s][info][gc] GC(51) Pause Young (Allocation Failure) 36M->10M(106M) 6.133ms
[5.911s][info][gc] GC(52) Pause Young (Allocation Failure) 31M->5M(106M) 3.615ms
[5.930s][info][gc] GC(53) Pause Young (Allocation Failure) 26M->8M(106M) 5.987ms
[6.064s][info][gc] GC(54) Pause Young (Allocation Failure) 30M->19M(106M) 16.198ms
[6.201s][info][gc] GC(55) Pause Young (Allocation Failure) 41M->17M(106M) 13.404ms
[6.334s][info][gc] GC(56) Pause Young (Allocation Failure) 38M->12M(106M) 10.942ms
[6.463s][info][gc] GC(57) Pause Young (Allocation Failure) 34M->8M(106M) 6.619ms
[6.587s][info][gc] GC(58) Pause Young (Allocation Failure) 29M->3M(106M) 2.690ms
[6.611s][info][gc] GC(59) Pause Young (Allocation Failure) 25M->13M(106M) 9.525ms
[6.747s][info][gc] GC(60) Pause Young (Allocation Failure) 34M->20M(106M) 16.491ms
[6.882s][info][gc] GC(61) Pause Young (Allocation Failure) 41M->15M(106M) 11.942ms
[7.013s][info][gc] GC(62) Pause Young (Allocation Failure) 37M->11M(106M) 9.073ms
[7.136s][info][gc] GC(63) Pause Young (Allocation Failure) 32M->6M(106M) 4.838ms
[7.155s][info][gc] GC(64) Pause Young (Allocation Failure) 27M->6M(106M) 3.660ms
[7.286s][info][gc] GC(65) Pause Young (Allocation Failure) 27M->17M(106M) 12.428ms
[7.421s][info][gc] GC(66) Pause Young (Allocation Failure) 38M->18M(106M) 14.303ms
[7.554s][info][gc] GC(67) Pause Young (Allocation Failure) 40M->14M(106M) 10.694ms
[7.680s][info][gc] GC(68) Pause Young (Allocation Failure) 35M->9M(106M) 7.200ms
[7.805s][info][gc] GC(69) Pause Young (Allocation Failure) 30M->4M(106M) 3.878ms
[7.829s][info][gc] GC(70) Pause Young (Allocation Failure) 26M->10M(106M) 7.359ms
[7.964s][info][gc] GC(71) Pause Young (Allocation Failure) 31M->21M(106M) 17.740ms
[8.098s][info][gc] GC(72) Pause Young (Allocation Failure) 42M->16M(106M) 13.522ms
[8.231s][info][gc] GC(73) Pause Young (Allocation Failure) 38M->12M(106M) 9.340ms
[8.358s][info][gc] GC(74) Pause Young (Allocation Failure) 33M->7M(106M) 6.311ms
[8.376s][info][gc] GC(75) Pause Young (Allocation Failure) 29M->3M(106M) 1.635ms
[8.506s][info][gc] GC(76) Pause Young (Allocation Failure) 24M->14M(106M) 10.753ms
[8.643s][info][gc] GC(77) Pause Young (Allocation Failure) 35M->19M(106M) 16.024ms
[8.776s][info][gc] GC(78) Pause Young (Allocation Failure) 41M->15M(106M) 12.038ms
[8.908s][info][gc] GC(79) Pause Young (Allocation Failure) 36M->10M(106M) 8.808ms
[9.034s][info][gc] GC(80) Pause Young (Allocation Failure) 31M->5M(106M) 4.814ms
[9.055s][info][gc] GC(81) Pause Young (Allocation Failure) 27M->7M(106M) 5.098ms
[9.189s][info][gc] GC(82) Pause Young (Allocation Failure) 29M->18M(106M) 15.052ms
[9.326s][info][gc] GC(83) Pause Young (Allocation Failure) 40M->18M(106M) 14.027ms
[9.458s][info][gc] GC(84) Pause Young (Allocation Failure) 39M->13M(106M) 10.007ms
[9.587s][info][gc] GC(85) Pause Young (Allocation Failure) 34M->8M(106M) 7.308ms
[9.711s][info][gc] GC(86) Pause Young (Allocation Failure) 30M->4M(106M) 3.067ms
[9.735s][info][gc] GC(87) Pause Young (Allocation Failure) 25M->11M(106M) 8.477ms
[9.871s][info][gc] GC(88) Pause Young (Allocation Failure) 33M->20M(106M) 17.053ms
[10.005s][info][gc] GC(89) Pause Young (Allocation Failure) 42M->16M(106M) 11.952ms
[10.137s][info][gc] GC(90) Pause Young (Allocation Failure) 37M->11M(106M) 9.136ms
[10.264s][info][gc] GC(91) Pause Young (Allocation Failure) 33M->7M(106M) 5.746ms
[10.284s][info][gc] GC(92) Pause Young (Allocation Failure) 28M->5M(106M) 2.841ms
[10.416s][info][gc] GC(93) Pause Young (Allocation Failure) 26M->16M(106M) 12.225ms
[10.552s][info][gc] GC(94) Pause Young (Allocation Failure) 37M->19M(106M) 15.451ms
[10.688s][info][gc] GC(95) Pause Young (Allocation Failure) 40M->14M(106M) 12.727ms
[10.817s][info][gc] GC(96) Pause Young (Allocation Failure) 35M->9M(106M) 7.447ms
[10.942s][info][gc] GC(97) Pause Young (Allocation Failure) 31M->5M(106M) 3.822ms
[10.963s][info][gc] GC(98) Pause Young (Allocation Failure) 26M->9M(106M) 6.012ms
[11.098s][info][gc] GC(99) Pause Young (Allocation Failure) 30M->20M(106M) 16.428ms
[11.233s][info][gc] GC(100) Pause Young (Allocation Failure) 41M->17M(106M) 13.019ms
[11.365s][info][gc] GC(101) Pause Young (Allocation Failure) 38M->12M(106M) 9.633ms
[11.492s][info][gc] GC(102) Pause Young (Allocation Failure) 34M->8M(106M) 6.132ms
[11.616s][info][gc] GC(103) Pause Young (Allocation Failure) 29M->3M(106M) 2.688ms
[11.643s][info][gc] GC(104) Pause Young (Allocation Failure) 24M->13M(106M) 10.416ms
[11.781s][info][gc] GC(105) Pause Young (Allocation Failure) 34M->20M(106M) 16.697ms
[11.914s][info][gc] GC(106) Pause Young (Allocation Failure) 41M->15M(106M) 11.932ms
[12.040s][info][gc] GC(107) Pause Young (Allocation Failure) 36M->11M(106M) 8.548ms
[12.167s][info][gc] GC(108) Pause Young (Allocation Failure) 32M->6M(106M) 4.735ms
[12.186s][info][gc] GC(109) Pause Young (Allocation Failure) 27M->6M(106M) 4.256ms
[12.318s][info][gc] GC(110) Pause Young (Allocation Failure) 27M->17M(106M) 13.789ms
[12.455s][info][gc] GC(111) Pause Young (Allocation Failure) 39M->18M(106M) 14.472ms
[12.589s][info][gc] GC(112) Pause Young (Allocation Failure) 39M->13M(106M) 10.650ms
[12.716s][info][gc] GC(113) Pause Young (Allocation Failure) 35M->9M(106M) 6.898ms
[12.840s][info][gc] GC(114) Pause Young (Allocation Failure) 30M->4M(106M) 3.286ms
[12.862s][info][gc] GC(115) Pause Young (Allocation Failure) 26M->10M(106M) 7.968ms
[13.000s][info][gc] GC(116) Pause Young (Allocation Failure) 32M->21M(106M) 18.253ms
[13.137s][info][gc] GC(117) Pause Young (Allocation Failure) 42M->16M(106M) 13.091ms
[13.270s][info][gc] GC(118) Pause Young (Allocation Failure) 38M->12M(106M) 9.734ms
[13.398s][info][gc] GC(119) Pause Young (Allocation Failure) 33M->7M(106M) 5.795ms
[13.416s][info][gc] GC(120) Pause Young (Allocation Failure) 28M->3M(106M) 2.002ms
[13.546s][info][gc] GC(121) Pause Young (Allocation Failure) 25M->15M(106M) 11.240ms
[13.683s][info][gc] GC(122) Pause Young (Allocation Failure) 36M->19M(106M) 16.189ms
[13.818s][info][gc] GC(123) Pause Young (Allocation Failure) 40M->14M(106M) 11.450ms
[13.949s][info][gc] GC(124) Pause Young (Allocation Failure) 36M->10M(106M) 7.738ms
[14.074s][info][gc] GC(125) Pause Young (Allocation Failure) 31M->5M(106M) 4.743ms
[14.095s][info][gc] GC(126) Pause Young (Allocation Failure) 27M->8M(106M) 5.284ms
[14.229s][info][gc] GC(127) Pause Young (Allocation Failure) 29M->19M(106M) 15.442ms
[14.364s][info][gc] GC(128) Pause Young (Allocation Failure) 40M->17M(106M) 13.613ms
[14.497s][info][gc] GC(129) Pause Young (Allocation Failure) 39M->13M(106M) 10.630ms
[14.626s][info][gc] GC(130) Pause Young (Allocation Failure) 34M->8M(106M) 7.330ms
[14.752s][info][gc] GC(131) Pause Young (Allocation Failure) 29M->3M(106M) 2.967ms
[14.777s][info][gc] GC(132) Pause Young (Allocation Failure) 25M->12M(106M) 9.578ms
[14.915s][info][gc] GC(133) Pause Young (Allocation Failure) 33M->20M(106M) 17.193ms
[15.051s][info][gc] GC(134) Pause Young (Allocation Failure) 42M->16M(106M) 12.312ms
[15.182s][info][gc] GC(135) Pause Young (Allocation Failure) 37M->11M(106M) 8.841ms
[15.305s][info][gc] GC(136) Pause Young (Allocation Failure) 32M->6M(106M) 5.187ms
[15.323s][info][gc] GC(137) Pause Young (Allocation Failure) 28M->5M(106M) 2.985ms
[15.455s][info][gc] GC(138) Pause Young (Allocation Failure) 26M->16M(106M) 12.612ms
[15.587s][info][gc] GC(139) Pause Young (Allocation Failure) 37M->18M(106M) 15.294ms
[15.720s][info][gc] GC(140) Pause Young (Allocation Failure) 40M->14M(106M) 10.822ms
[15.847s][info][gc] GC(141) Pause Young (Allocation Failure) 35M->9M(106M) 7.500ms
[15.972s][info][gc] GC(142) Pause Young (Allocation Failure) 31M->5M(106M) 3.529ms
[15.992s][info][gc] GC(143) Pause Young (Allocation Failure) 26M->9M(106M) 6.496ms
[16.128s][info][gc] GC(144) Pause Young (Allocation Failure) 31M->20M(106M) 16.603ms
[16.263s][info][gc] GC(145) Pause Young (Allocation Failure) 42M->17M(106M) 13.249ms
[16.395s][info][gc] GC(146) Pause Young (Allocation Failure) 38M->12M(106M) 10.707ms
[16.518s][info][gc] GC(147) Pause Young (Allocation Failure) 33M->7M(106M) 6.062ms
[16.640s][info][gc] GC(148) Pause Young (Allocation Failure) 29M->3M(106M) 2.291ms
[16.666s][info][gc] GC(149) Pause Young (Allocation Failure) 24M->13M(106M) 11.587ms
[16.802s][info][gc] GC(150) Pause Young (Allocation Failure) 35M->20M(106M) 15.806ms
[16.937s][info][gc] GC(151) Pause Young (Allocation Failure) 41M->15M(106M) 11.670ms
[17.068s][info][gc] GC(152) Pause Young (Allocation Failure) 36M->10M(106M) 8.907ms
[17.194s][info][gc] GC(153) Pause Young (Allocation Failure) 32M->6M(106M) 4.510ms
[17.213s][info][gc] GC(154) Pause Young (Allocation Failure) 27M->7M(106M) 4.152ms
[17.348s][info][gc] GC(155) Pause Young (Allocation Failure) 28M->18M(106M) 14.503ms
[17.485s][info][gc] GC(156) Pause Young (Allocation Failure) 39M->18M(106M) 14.444ms
[17.618s][info][gc] GC(157) Pause Young (Allocation Failure) 39M->13M(106M) 10.379ms
[17.747s][info][gc] GC(158) Pause Young (Allocation Failure) 35M->9M(106M) 7.303ms
[17.871s][info][gc] GC(159) Pause Young (Allocation Failure) 30M->4M(106M) 3.186ms
[17.894s][info][gc] GC(160) Pause Young (Allocation Failure) 25M->11M(106M) 7.665ms
[18.030s][info][gc] GC(161) Pause Young (Allocation Failure) 32M->21M(106M) 16.920ms
[18.167s][info][gc] GC(162) Pause Young (Allocation Failure) 42M->16M(106M) 13.120ms
[18.299s][info][gc] GC(163) Pause Young (Allocation Failure) 37M->11M(106M) 9.821ms
[18.425s][info][gc] GC(164) Pause Young (Allocation Failure) 33M->7M(106M) 5.551ms
[18.444s][info][gc] GC(165) Pause Young (Allocation Failure) 28M->4M(106M) 2.366ms
[18.575s][info][gc] GC(166) Pause Young (Allocation Failure) 25M->15M(106M) 11.833ms
[18.710s][info][gc] GC(167) Pause Young (Allocation Failure) 36M->19M(106M) 15.314ms
[18.844s][info][gc] GC(168) Pause Young (Allocation Failure) 40M->14M(106M) 11.274ms
[18.975s][info][gc] GC(169) Pause Young (Allocation Failure) 36M->10M(106M) 8.470ms
[19.096s][info][gc] GC(170) Pause Young (Allocation Failure) 31M->5M(106M) 3.121ms
[19.114s][info][gc] GC(171) Pause Young (Allocation Failure) 26M->8M(106M) 4.809ms
[19.243s][info][gc] GC(172) Pause Young (Allocation Failure) 29M->19M(106M) 14.646ms
[19.378s][info][gc] GC(173) Pause Young (Allocation Failure) 41M->17M(106M) 13.132ms
[19.510s][info][gc] GC(174) Pause Young (Allocation Failure) 39M->13M(106M) 9.767ms
[19.633s][info][gc] GC(175) Pause Young (Allocation Failure) 34M->8M(106M) 6.615ms
[19.757s][info][gc] GC(176) Pause Young (Allocation Failure) 29M->3M(106M) 2.650ms
[19.782s][info][gc] GC(177) Pause Young (Allocation Failure) 25M->12M(106M) 9.488ms
[19.918s][info][gc] GC(178) Pause Young (Allocation Failure) 34M->20M(106M) 16.736ms
[20.047s][info][gc] GC(179) Pause Young (Allocation Failure) 41M->15M(106M) 10.535ms
[20.174s][info][gc] GC(180) Pause Young (Allocation Failure) 37M->11M(106M) 7.305ms
[20.298s][info][gc] GC(181) Pause Young (Allocation Failure) 32M->6M(106M) 4.010ms
[20.315s][info][gc] GC(182) Pause Young (Allocation Failure) 28M->5M(106M) 2.877ms
[20.437s][info][gc] GC(183) Pause Young (Allocation Failure) 27M->16M(106M) 11.052ms
[20.571s][info][gc] GC(184) Pause Young (Allocation Failure) 38M->18M(106M) 13.708ms
[20.703s][info][gc] GC(185) Pause Young (Allocation Failure) 40M->14M(106M) 9.941ms
[20.829s][info][gc] GC(186) Pause Young (Allocation Failure) 35M->9M(106M) 5.739ms
[20.951s][info][gc] GC(187) Pause Young (Allocation Failure) 30M->4M(106M) 2.649ms
[20.969s][info][gc] GC(188) Pause Young (Allocation Failure) 26M->10M(106M) 6.051ms
[21.101s][info][gc] GC(189) Pause Young (Allocation Failure) 31M->21M(106M) 15.243ms
[21.234s][info][gc] GC(190) Pause Young (Allocation Failure) 42M->17M(106M) 11.490ms
[21.363s][info][gc] GC(191) Pause Young (Allocation Failure) 38M->12M(106M) 8.636ms
[21.485s][info][gc] GC(192) Pause Young (Allocation Failure) 33M->7M(106M) 3.658ms
[21.499s][info][gc] GC(193) Pause Young (Allocation Failure) 29M->3M(106M) 1.009ms
[21.623s][info][gc] GC(194) Pause Young (Allocation Failure) 24M->14M(106M) 8.535ms
[21.755s][info][gc] GC(195) Pause Young (Allocation Failure) 35M->19M(106M) 13.894ms
[21.888s][info][gc] GC(196) Pause Young (Allocation Failure) 41M->15M(106M) 11.270ms
[22.019s][info][gc] GC(197) Pause Young (Allocation Failure) 36M->10M(106M) 8.809ms
[22.145s][info][gc] GC(198) Pause Young (Allocation Failure) 32M->6M(106M) 3.817ms
[22.162s][info][gc] GC(199) Pause Young (Allocation Failure) 27M->7M(106M) 4.503ms
[22.294s][info][gc] GC(200) Pause Young (Allocation Failure) 28M->18M(106M) 13.566ms
[22.427s][info][gc] GC(201) Pause Young (Allocation Failure) 39M->18M(106M) 14.350ms
[22.562s][info][gc] GC(202) Pause Young (Allocation Failure) 39M->13M(106M) 11.540ms
[22.690s][info][gc] GC(203) Pause Young (Allocation Failure) 34M->8M(106M) 6.459ms
[22.814s][info][gc] GC(204) Pause Young (Allocation Failure) 30M->4M(106M) 3.547ms
[22.838s][info][gc] GC(205) Pause Young (Allocation Failure) 25M->11M(106M) 8.611ms
[22.976s][info][gc] GC(206) Pause Young (Allocation Failure) 33M->21M(106M) 18.132ms
[23.111s][info][gc] GC(207) Pause Young (Allocation Failure) 42M->16M(106M) 13.519ms
[23.243s][info][gc] GC(208) Pause Young (Allocation Failure) 37M->11M(106M) 9.379ms
[23.372s][info][gc] GC(209) Pause Young (Allocation Failure) 33M->7M(106M) 6.447ms
[23.391s][info][gc] GC(210) Pause Young (Allocation Failure) 28M->4M(106M) 2.474ms
[23.522s][info][gc] GC(211) Pause Young (Allocation Failure) 26M->15M(106M) 12.045ms
[23.659s][info][gc] GC(212) Pause Young (Allocation Failure) 37M->19M(106M) 16.142ms
[23.794s][info][gc] GC(213) Pause Young (Allocation Failure) 40M->14M(106M) 11.314ms
[23.924s][info][gc] GC(214) Pause Young (Allocation Failure) 36M->10M(106M) 7.809ms
[24.050s][info][gc] GC(215) Pause Young (Allocation Failure) 31M->5M(106M) 4.235ms
[24.072s][info][gc] GC(216) Pause Young (Allocation Failure) 26M->8M(106M) 6.003ms
[24.209s][info][gc] GC(217) Pause Young (Allocation Failure) 30M->20M(106M) 17.127ms
[24.346s][info][gc] GC(218) Pause Young (Allocation Failure) 41M->17M(106M) 13.733ms
[24.479s][info][gc] GC(219) Pause Young (Allocation Failure) 38M->12M(106M) 10.028ms
[24.608s][info][gc] GC(220) Pause Young (Allocation Failure) 34M->8M(106M) 7.328ms
[24.734s][info][gc] GC(221) Pause Young (Allocation Failure) 29M->3M(106M) 2.538ms
[24.759s][info][gc] GC(222) Pause Young (Allocation Failure) 25M->13M(106M) 9.776ms
[24.894s][info][gc] GC(223) Pause Young (Allocation Failure) 34M->20M(106M) 16.515ms
[25.030s][info][gc] GC(224) Pause Young (Allocation Failure) 41M->15M(106M) 11.936ms
[25.160s][info][gc] GC(225) Pause Young (Allocation Failure) 37M->11M(106M) 9.043ms
[25.284s][info][gc] GC(226) Pause Young (Allocation Failure) 32M->6M(106M) 4.793ms
[25.304s][info][gc] GC(227) Pause Young (Allocation Failure) 27M->6M(106M) 3.690ms
[25.437s][info][gc] GC(228) Pause Young (Allocation Failure) 27M->17M(106M) 13.355ms
[25.574s][info][gc] GC(229) Pause Young (Allocation Failure) 38M->18M(106M) 15.350ms
[25.706s][info][gc] GC(230) Pause Young (Allocation Failure) 39M->13M(106M) 10.687ms
[25.834s][info][gc] GC(231) Pause Young (Allocation Failure) 35M->9M(106M) 7.133ms
[25.959s][info][gc] GC(232) Pause Young (Allocation Failure) 30M->4M(106M) 3.744ms
[25.982s][info][gc] GC(233) Pause Young (Allocation Failure) 26M->10M(106M) 7.507ms
[26.120s][info][gc] GC(234) Pause Young (Allocation Failure) 31M->21M(106M) 18.273ms
[26.257s][info][gc] GC(235) Pause Young (Allocation Failure) 42M->16M(106M) 12.932ms
[26.388s][info][gc] GC(236) Pause Young (Allocation Failure) 38M->12M(106M) 9.369ms
[26.516s][info][gc] GC(237) Pause Young (Allocation Failure) 33M->7M(106M) 6.333ms
[26.535s][info][gc] GC(238) Pause Young (Allocation Failure) 29M->3M(106M) 1.694ms
[26.662s][info][gc] GC(239) Pause Young (Allocation Failure) 25M->14M(106M) 11.181ms
[26.798s][info][gc] GC(240) Pause Young (Allocation Failure) 36M->19M(106M) 15.549ms
[26.933s][info][gc] GC(241) Pause Young (Allocation Failure) 41M->15M(106M) 12.052ms
[27.063s][info][gc] GC(242) Pause Young (Allocation Failure) 36M->10M(106M) 8.237ms
[27.190s][info][gc] GC(243) Pause Young (Allocation Failure) 31M->5M(106M) 4.988ms
[27.211s][info][gc] GC(244) Pause Young (Allocation Failure) 27M->7M(106M) 5.210ms
[27.345s][info][gc] GC(245) Pause Young (Allocation Failure) 29M->18M(106M) 14.739ms
[27.481s][info][gc] GC(246) Pause Young (Allocation Failure) 40M->17M(106M) 14.047ms
[27.614s][info][gc] GC(247) Pause Young (Allocation Failure) 39M->13M(106M) 10.327ms
[27.743s][info][gc] GC(248) Pause Young (Allocation Failure) 34M->8M(106M) 6.685ms
[27.868s][info][gc] GC(249) Pause Young (Allocation Failure) 30M->4M(106M) 3.493ms
[27.893s][info][gc] GC(250) Pause Young (Allocation Failure) 25M->12M(106M) 9.298ms
[28.031s][info][gc] GC(251) Pause Young (Allocation Failure) 33M->20M(106M) 17.304ms
[28.167s][info][gc] GC(252) Pause Young (Allocation Failure) 42M->16M(106M) 13.292ms
[28.299s][info][gc] GC(253) Pause Young (Allocation Failure) 37M->11M(106M) 9.371ms
[28.424s][info][gc] GC(254) Pause Young (Allocation Failure) 32M->6M(106M) 5.344ms
[28.444s][info][gc] GC(255) Pause Young (Allocation Failure) 28M->5M(106M) 2.885ms
[28.575s][info][gc] GC(256) Pause Young (Allocation Failure) 26M->16M(106M) 12.205ms
[28.711s][info][gc] GC(257) Pause Young (Allocation Failure) 37M->19M(106M) 14.808ms
[28.847s][info][gc] GC(258) Pause Young (Allocation Failure) 40M->14M(106M) 12.082ms
[28.974s][info][gc] GC(259) Pause Young (Allocation Failure) 35M->9M(106M) 7.808ms
[29.101s][info][gc] GC(260) Pause Young (Allocation Failure) 31M->5M(106M) 4.480ms
[29.123s][info][gc] GC(261) Pause Young (Allocation Failure) 26M->9M(106M) 6.416ms
[29.260s][info][gc] GC(262) Pause Young (Allocation Failure) 30M->20M(106M) 16.996ms
[29.393s][info][gc] GC(263) Pause Young (Allocation Failure) 41M->17M(106M) 13.301ms
[29.521s][info][gc] GC(264) Pause Young (Allocation Failure) 38M->12M(106M) 10.555ms
[29.645s][info][gc] GC(265) Pause Young (Allocation Failure) 34M->8M(106M) 5.994ms
[29.768s][info][gc] GC(266) Pause Young (Allocation Failure) 29M->3M(106M) 2.382ms
[29.792s][info][gc] GC(267) Pause Young (Allocation Failure) 24M->13M(106M) 10.122ms
[29.928s][info][gc] GC(268) Pause Young (Allocation Failure) 34M->20M(106M) 16.404ms
